// Jest Snapshot v1, https://goo.gl/fbAQLP

exports[`ViewReviewPage component should render correctly 1`] = `
<div
  className="loader"
/>
`;
