// Jest Snapshot v1, https://goo.gl/fbAQLP

exports[`it renders correctly 1`] = `
<div
  className="header"
>
  <h1
    className="logo"
  >
    Cake Reviews
  </h1>
</div>
`;
