// Jest Snapshot v1, https://goo.gl/fbAQLP

exports[`Home page component it renders correctly 1`] = `
<div
  className="loader"
/>
`;
